log errors here:
